D:/software/STM32_HEADER_FILE/en.stm32cubef4-v1-28-0/STM32Cube_FW_F4_V1.28.0/Drivers/CMSIS/Include/core_cm4.h:1684:22:__NVIC_EnableIRQ	16	static,ignoring_inline_asm
../Inc/uart_tx_rx.h:24:6:DMA_Stream6_init	24	static
../Inc/uart_tx_rx.h:93:6:uart_tx_init	8	static
../Inc/uart_tx_rx.h:153:5:__io_putchar	16	static
../Inc/uart_tx_rx.h:158:6:uart2_re	4	static
../Inc/uart_tx_rx.h:167:6:uart2_wr	16	static
../Inc/uart_tx_rx.h:184:6:computate_baudrate_bd	24	static
../Src/main.c:3:5:main	8	static
